b: 12, c: 10, d: 3, k: 132
Molodets
b: 12, c: 10, d: 3, k: 132
Molodets
