a: 999999, b: 999999, c: 999999, d: 999999, e: 999999, f: 999999, g: 999999, h: 999999, i: 999999, j: 999999, k: 999999, l: 999999, m: 999999, n: 999999, o: 999999, p: 999999, q: 999999, r: 999999, s: 999999, t: 999999, w: 999999, x: 999999, y: 999999, z: 999999
a: 999999, b: 999999, c: 999999, d: 999999, e: 999999, f: 999999, g: 999999, h: 999999, i: 999999, j: 999999, k: 999999, l: 999999, m: 999999, n: 999999, o: 999999, p: 999999, q: 999999, r: 999999, s: 999999, t: 999999, w: 999999, x: 999999, y: 999999, z: 999999
