102  *  102  =  10404 102  *  103  =  10506 102  *  104  =  10608 

103  *  102  =  10506 103  *  103  =  10609 103  *  104  =  10712 

104  *  102  =  10608 104  *  103  =  10712 104  *  104  =  10816 

