4
True False
260492644648
grange(13, 3, 1076)$grange(36, 289, 893)
grange(2, 3, 57)
3 51
