18 15 10 17 4 24 11 23 27 9 29 6 19 27 3 24 11 1 20 10 12 24 24 19 24 17 13 28 23 9 20 27 13 7 6 2 15 18 17 1 12 19 18 20 19 5 8 13 27 23 9 23 18 12 23 16 23 16 19 25 6 29 15 15 23 1 14 22 13 26 24 14 22 21 10 16 17 7 2 3 1 5 24 5 28 25 26 16 12 18 26 27 12 22 4 19 10 2 10 20 18 21 5 14 18 16 4 21 25 11 5 22 18 12 4 14 20 9 0 17 19 9 28 16 23 26 6 9
0 1 1 1 1 2 2 2 3 3 4 4 4 4 5 5 5 5 5 6 6 6 6 7 7 8 9 9 9 9 9 9 10 10 10 10 10 11 11 11 12 12 12 12 12 12 13 13 13 13 14 14 14 14 15 15 15 15 16 16 16 16 16 16 17 17 17 17 17 18 18 18 18 18 18 18 18 19 19 19 19 19 19 19 20 20 20 20 20 21 21 21 22 22 22 22 23 23 23 23 23 23 23 23 24 24 24 24 24 24 24 25 25 25 26 26 26 26 27 27 27 27 27 28 28 28 29 29
True
