7 19 31 43 55 67 79 91 19 31 43 55 67 79 91 31 43 55 67 79 91 43 55 67 79 91 55 67 79 91 67 79 91 79 91 91
