T R Y   R Y   T Y   T O   T O   T O   R O   R E   R E A R E A D E A D   A D   T D   T H   T H I T H I S H I S   I S   T S   T E   T E X T E X T E X T X T T
