269,419,643,2803,827,681,842
357,4072,8577,3127,642,765,490
123,166,225,1478,177,236,295
211,137,217,292,114,122,129
3316,4803,9816,9323,1929,2092,1809
8804,17470,29942,3103,4133,5349,5399
104918,92051,105157,28375,40402,51759,63727
