__init__: ('ogogoqkrq',), {}
__init__: ('aaabbb',), {}
reverse: (), {}
reverse: (), {'reset': True}
gogoqrkqo aaabbb
