__init__: (10, 0.03), {}
near: (16,), {}
False
near: (9.996,), {}
True
