############
#..........#
#..........#
#..........#
#~~~~~~~~~~#
#~~~~~~~~~~#
#~~~~~~~~~~#
#~~~~~~~~~~#
############
.............. 35/70
~~~~~~~~~~~~~~ 35/70
