######
#....#
#....#
#....#
#....#
#....#
#....#
#~~~~#
#~~~~#
######
.............. 24/32
~~~~~           8/32
