r(True):2.0 s(True):24.0 t(False):0
s < t=False, r < t=False, r < s=True
s in t=False, r in t=False, r in s=False
r & t=False, t & r=False, s & r=True, s & t=False
